[    0.000000] Initializing cgroup subsys cpuset
[    0.000000] Initializing cgroup subsys cpu
[    0.000000] Initializing cgroup subsys cpuacct
[    0.000000] Linux version 4.4.0-210-generic (buildd@lgw01-amd64-009) (gcc version 5.4.0 20160609 (Ubuntu 5.4.0-6ubuntu1~16.04.12) ) #242-Ubuntu SMP Fri Apr 16 09:57:56 UTC 2021 (Ubuntu 4.4.0-210.242-generic 4.4.262)
[    0.000000] Command line: BOOT_IMAGE=/boot/vmlinuz-4.4.0-210-generic root=LABEL=cloudimg-rootfs ro console=tty1 console=ttyS0
[    0.000000] KERNEL supported cpus:
[    0.000000]   Intel GenuineIntel
[    0.000000]   AMD AuthenticAMD
[    0.000000]   Centaur CentaurHauls
[    0.000000] [Firmware Bug]: TSC doesn't count with P0 frequency!
[    0.000000] x86/fpu: xstate_offset[2]:  576, xstate_sizes[2]:  256
[    0.000000] x86/fpu: Supporting XSAVE feature 0x01: 'x87 floating point registers'
[    0.000000] x86/fpu: Supporting XSAVE feature 0x02: 'SSE registers'
[    0.000000] x86/fpu: Supporting XSAVE feature 0x04: 'AVX registers'
[    0.000000] x86/fpu: Enabled xstate features 0x7, context size is 832 bytes, using 'standard' format.
[    0.000000] e820: BIOS-provided physical RAM map:
[    0.000000] BIOS-e820: [mem 0x0000000000000000-0x000000000009fbff] usable
[    0.000000] BIOS-e820: [mem 0x000000000009fc00-0x000000000009ffff] reserved
[    0.000000] BIOS-e820: [mem 0x00000000000f0000-0x00000000000fffff] reserved
[    0.000000] BIOS-e820: [mem 0x0000000000100000-0x000000003ffeffff] usable
[    0.000000] BIOS-e820: [mem 0x000000003fff0000-0x000000003fffffff] ACPI data
[    0.000000] BIOS-e820: [mem 0x00000000fec00000-0x00000000fec00fff] reserved
[    0.000000] BIOS-e820: [mem 0x00000000fee00000-0x00000000fee00fff] reserved
[    0.000000] BIOS-e820: [mem 0x00000000fffc0000-0x00000000ffffffff] reserved
[    0.000000] NX (Execute Disable) protection: active
[    0.000000] SMBIOS 2.5 present.
[    0.000000] Hypervisor detected: KVM
[    0.000000] Kernel/User page tables isolation: disabled
[    0.000000] e820: last_pfn = 0x3fff0 max_arch_pfn = 0x400000000
[    0.000000] MTRR: Disabled
[    0.000000] x86/PAT: MTRRs disabled, skipping PAT initialization too.
[    0.000000] CPU MTRRs all blank - virtualized system.
[    0.000000] x86/PAT: Configuration [0-7]: WB  WT  UC- UC  WB  WT  UC- UC  
[    0.000000] found SMP MP-table at [mem 0x0009fff0-0x0009ffff] mapped at [ffff88000009fff0]
[    0.000000] Scanning 1 areas for low memory corruption
[    0.000000] RAMDISK: [mem 0x362dc000-0x37165fff]
[    0.000000] ACPI: Early table checksum verification disabled
[    0.000000] ACPI: RSDP 0x00000000000E0000 000024 (v02 VBOX  )
[    0.000000] ACPI: XSDT 0x000000003FFF0030 00003C (v01 VBOX   VBOXXSDT 00000001 ASL  00000061)
[    0.000000] ACPI: FACP 0x000000003FFF00F0 0000F4 (v04 VBOX   VBOXFACP 00000001 ASL  00000061)
[    0.000000] ACPI: DSDT 0x000000003FFF0610 002353 (v02 VBOX   VBOXBIOS 00000002 INTL 20100528)
[    0.000000] ACPI: FACS 0x000000003FFF0200 000040
[    0.000000] ACPI: FACS 0x000000003FFF0200 000040
[    0.000000] ACPI: APIC 0x000000003FFF0240 00005C (v02 VBOX   VBOXAPIC 00000001 ASL  00000061)
[    0.000000] ACPI: SSDT 0x000000003FFF02A0 00036C (v01 VBOX   VBOXCPUT 00000002 INTL 20100528)
[    0.000000] No NUMA configuration found
[    0.000000] Faking a node at [mem 0x0000000000000000-0x000000003ffeffff]
[    0.000000] NODE_DATA(0) allocated [mem 0x3ffeb000-0x3ffeffff]
[    0.000000] kvm-clock: Using msrs 4b564d01 and 4b564d00
[    0.000000] kvm-clock: cpu 0, msr 0:3ffe3001, primary cpu clock
[    0.000000] kvm-clock: using sched offset of 2968050445 cycles
[    0.000000] clocksource: kvm-clock: mask: 0xffffffffffffffff max_cycles: 0x1cd42e4dffb, max_idle_ns: 881590591483 ns
[    0.000000] Zone ranges:
[    0.000000]   DMA      [mem 0x0000000000001000-0x0000000000ffffff]
[    0.000000]   DMA32    [mem 0x0000000001000000-0x000000003ffeffff]
[    0.000000]   Normal   empty
[    0.000000]   Device   empty
[    0.000000] Movable zone start for each node
[    0.000000] Early memory node ranges
[    0.000000]   node   0: [mem 0x0000000000001000-0x000000000009efff]
[    0.000000]   node   0: [mem 0x0000000000100000-0x000000003ffeffff]
[    0.000000] Initmem setup node 0 [mem 0x0000000000001000-0x000000003ffeffff]
[    0.000000] ACPI: PM-Timer IO Port: 0x4008
[    0.000000] IOAPIC[0]: apic_id 2, version 32, address 0xfec00000, GSI 0-23
[    0.000000] ACPI: INT_SRC_OVR (bus 0 bus_irq 0 global_irq 2 dfl dfl)
[    0.000000] ACPI: INT_SRC_OVR (bus 0 bus_irq 9 global_irq 9 low level)
[    0.000000] Using ACPI (MADT) for SMP configuration information
[    0.000000] smpboot: Allowing 2 CPUs, 0 hotplug CPUs
[    0.000000] PM: Registered nosave memory: [mem 0x00000000-0x00000fff]
[    0.000000] PM: Registered nosave memory: [mem 0x0009f000-0x0009ffff]
[    0.000000] PM: Registered nosave memory: [mem 0x000a0000-0x000effff]
[    0.000000] PM: Registered nosave memory: [mem 0x000f0000-0x000fffff]
[    0.000000] e820: [mem 0x40000000-0xfebfffff] available for PCI devices
[    0.000000] Booting paravirtualized kernel on KVM
[    0.000000] clocksource: refined-jiffies: mask: 0xffffffff max_cycles: 0xffffffff, max_idle_ns: 7645519600211568 ns
[    0.000000] setup_percpu: NR_CPUS:512 nr_cpumask_bits:512 nr_cpu_ids:2 nr_node_ids:1
[    0.000000] PERCPU: Embedded 33 pages/cpu @ffff88003fc00000 s95192 r8192 d31784 u1048576
[    0.000000] Built 1 zonelists in Node order, mobility grouping on.  Total pages: 257912
[    0.000000] Policy zone: DMA32
[    0.000000] Kernel command line: BOOT_IMAGE=/boot/vmlinuz-4.4.0-210-generic root=LABEL=cloudimg-rootfs ro console=tty1 console=ttyS0
[    0.000000] PID hash table entries: 4096 (order: 3, 32768 bytes)
[    0.000000] Memory: 997792K/1048120K available (8644K kernel code, 1332K rwdata, 4044K rodata, 1492K init, 1164K bss, 50328K reserved, 0K cma-reserved)
[    0.000000] SLUB: HWalign=64, Order=0-3, MinObjects=0, CPUs=2, Nodes=1
[    0.000000] Hierarchical RCU implementation.
[    0.000000] 	Build-time adjustment of leaf fanout to 64.
[    0.000000] 	RCU restricting CPUs from NR_CPUS=512 to nr_cpu_ids=2.
[    0.000000] RCU: Adjusting geometry for rcu_fanout_leaf=64, nr_cpu_ids=2
[    0.000000] NR_IRQS:33024 nr_irqs:440 16
[    0.000000] Console: colour VGA+ 80x25
[    0.000000] console [tty1] enabled
[    0.000000] console [ttyS0] enabled
[    0.000000] tsc: Detected 2096.062 MHz processor
[    0.149685] Calibrating delay loop (skipped) preset value.. 4192.12 BogoMIPS (lpj=8384248)
[    0.151273] pid_max: default: 32768 minimum: 301
[    0.152118] ACPI: Core revision 20150930
[    0.154010] ACPI: 2 ACPI AML tables successfully acquired and loaded
[    0.155281] Security Framework initialized
[    0.156027] Yama: becoming mindful.
[    0.156740] AppArmor: AppArmor initialized
[    0.157591] Dentry cache hash table entries: 131072 (order: 8, 1048576 bytes)
[    0.159005] Inode-cache hash table entries: 65536 (order: 7, 524288 bytes)
[    0.161432] Mount-cache hash table entries: 2048 (order: 2, 16384 bytes)
[    0.162826] Mountpoint-cache hash table entries: 2048 (order: 2, 16384 bytes)
[    0.164194] Initializing cgroup subsys io
[    0.165057] Initializing cgroup subsys memory
[    0.166044] Initializing cgroup subsys devices
[    0.167038] Initializing cgroup subsys freezer
[    0.168127] Initializing cgroup subsys net_cls
[    0.169242] Initializing cgroup subsys perf_event
[    0.170318] Initializing cgroup subsys net_prio
[    0.171147] Initializing cgroup subsys hugetlb
[    0.172195] Initializing cgroup subsys pids
[    0.199812] mce: CPU supports 0 MCE banks
[    0.201234] Last level iTLB entries: 4KB 1024, 2MB 1024, 4MB 512
[    0.202794] Last level dTLB entries: 4KB 1536, 2MB 1536, 4MB 768, 1GB 0
[    0.204340] Spectre V1 : Mitigation: usercopy/swapgs barriers and __user pointer sanitization
[    0.206431] Spectre V2 : Spectre mitigation: LFENCE not serializing, switching to generic retpoline
[    0.208406] Spectre V2 : Mitigation: Full generic retpoline
[    0.209399] Spectre V2 : Spectre v2 / SpectreRSB mitigation: Filling RSB on context switch
[    0.213959] Freeing SMP alternatives memory: 36K
[    0.221248] ftrace: allocating 32380 entries in 127 pages
[    0.283504] smpboot: APIC(0) Converting physical 0 to logical package 0
[    0.284702] smpboot: Max logical packages: 1
[    0.285686] x2apic enabled
[    0.286466] Switched APIC routing to physical x2apic.
[    0.288408] ..TIMER: vector=0x30 apic1=0 pin1=2 apic2=-1 pin2=-1
[    0.397479] APIC calibration not consistent with PM-Timer: 104ms instead of 100ms
[    0.398920] APIC delta adjusted to PM-Timer: 6350104 (6653459)
[    0.399966] smpboot: CPU0: AMD Ryzen 5 3500U with Radeon Vega Mobile Gfx (family: 0x17, model: 0x18, stepping: 0x1)
[    0.402281] Performance Events: Broken PMU hardware detected, using software events only.
[    0.403872] Failed to access perfctr msr (MSR c0010007 is 0)
[    0.411050] KVM setup paravirtual spinlock
[    0.412773] x86: Booting SMP configuration:
[    0.413586] .... node  #0, CPUs:      #1
[    0.414472] kvm-clock: cpu 1, msr 0:3ffe3041, secondary cpu clock
[    0.440994] mce: CPU supports 0 MCE banks
[    0.443584] x86: Booted up 1 node, 2 CPUs
[    0.444504] smpboot: Total of 2 processors activated (8384.24 BogoMIPS)
[    0.446044] devtmpfs: initialized
[    0.448416] evm: security.selinux
[    0.449068] evm: security.SMACK64
[    0.449687] evm: security.SMACK64EXEC
[    0.450467] evm: security.SMACK64TRANSMUTE
[    0.451188] evm: security.SMACK64MMAP
[    0.451843] evm: security.ima
[    0.452418] evm: security.capability
[    0.454453] clocksource: jiffies: mask: 0xffffffff max_cycles: 0xffffffff, max_idle_ns: 7645041785100000 ns
[    0.456863] futex hash table entries: 512 (order: 3, 32768 bytes)
[    0.458186] pinctrl core: initialized pinctrl subsystem
[    0.459477] RTC time: 11:02:43, date: 05/22/24
[    0.461031] NET: Registered protocol family 16
[    0.474087] cpuidle: using governor ladder
[    0.486363] cpuidle: using governor menu
[    0.487477] PCCT header not found.
[    0.489057] ACPI: bus type PCI registered
[    0.490273] acpiphp: ACPI Hot Plug PCI Controller Driver version: 0.5
[    0.492217] PCI: Using configuration type 1 for base access
[    0.493401] PCI: Using configuration type 1 for extended access
[    0.507821] ACPI: Added _OSI(Module Device)
[    0.509050] ACPI: Added _OSI(Processor Device)
[    0.510228] ACPI: Added _OSI(3.0 _SCP Extensions)
[    0.511383] ACPI: Added _OSI(Processor Aggregator Device)
[    0.513196] ACPI: Executed 1 blocks of module-level executable AML code
[    0.516332] ACPI: Interpreter enabled
[    0.517120] ACPI: (supports S0 S5)
[    0.517817] ACPI: Using IOAPIC for interrupt routing
[    0.518882] PCI: Using host bridge windows from ACPI; if necessary, use "pci=nocrs" and report a bug
[    0.524174] ACPI: PCI Root Bridge [PCI0] (domain 0000 [bus 00-ff])
[    0.525324] acpi PNP0A03:00: _OSC: OS supports [ExtendedConfig ASPM ClockPM Segments MSI]
[    0.527557] acpi PNP0A03:00: _OSC: platform does not support [PCIeCapability]
[    0.530211] acpi PNP0A03:00: _OSC: not requesting control; platform does not support [PCIeCapability]
[    0.532975] acpi PNP0A03:00: _OSC: OS requested [PCIeHotplug PME AER PCIeCapability]
[    0.534851] acpi PNP0A03:00: _OSC: platform willing to grant [PCIeHotplug PME AER]
[    0.536604] acpi PNP0A03:00: _OSC failed (AE_SUPPORT); disabling ASPM
[    0.538278] PCI host bridge to bus 0000:00
[    0.547633] pci_bus 0000:00: root bus resource [io  0x0000-0x0cf7 window]
[    0.548849] pci_bus 0000:00: root bus resource [io  0x0d00-0xffff window]
[    0.550051] pci_bus 0000:00: root bus resource [mem 0x000a0000-0x000bffff window]
[    0.551505] pci_bus 0000:00: root bus resource [mem 0x40000000-0xfdffffff window]
[    0.552987] pci_bus 0000:00: root bus resource [bus 00-ff]
[    0.555767] pci 0000:00:01.1: legacy IDE quirk: reg 0x10: [io  0x01f0-0x01f7]
[    0.557034] pci 0000:00:01.1: legacy IDE quirk: reg 0x14: [io  0x03f6]
[    0.558182] pci 0000:00:01.1: legacy IDE quirk: reg 0x18: [io  0x0170-0x0177]
[    0.559474] pci 0000:00:01.1: legacy IDE quirk: reg 0x1c: [io  0x0376]
[    0.581456] pci 0000:00:07.0: quirk: [io  0x4000-0x403f] claimed by PIIX4 ACPI
[    0.583118] pci 0000:00:07.0: quirk: [io  0x4100-0x410f] claimed by PIIX4 SMB
[    0.591847] ACPI: PCI Interrupt Link [LNKA] (IRQs 5 9 10 *11)
[    0.593771] ACPI: PCI Interrupt Link [LNKB] (IRQs 5 9 *10 11)
[    0.595697] ACPI: PCI Interrupt Link [LNKC] (IRQs 5 *9 10 11)
[    0.597398] ACPI: PCI Interrupt Link [LNKD] (IRQs 5 9 10 *11)
[    0.598968] ACPI: Enabled 2 GPEs in block 00 to 07
[    0.600328] vgaarb: setting as boot device: PCI:0000:00:02.0
[    0.601333] vgaarb: device added: PCI:0000:00:02.0,decodes=io+mem,owns=io+mem,locks=none
[    0.603102] vgaarb: loaded
[    0.603842] vgaarb: bridge control possible 0000:00:02.0
[    0.605143] SCSI subsystem initialized
[    0.606040] ACPI: bus type USB registered
[    0.607033] usbcore: registered new interface driver usbfs
[    0.608223] usbcore: registered new interface driver hub
[    0.609294] usbcore: registered new device driver usb
[    0.610500] PCI: Using ACPI for IRQ routing
[    0.611823] NetLabel: Initializing
[    0.612696] NetLabel:  domain hash size = 128
[    0.613651] NetLabel:  protocols = UNLABELED CIPSOv4
[    0.614553] NetLabel:  unlabeled traffic allowed by default
[    0.616347] amd_nb: Cannot enumerate AMD northbridges
[    0.617319] clocksource: Switched to clocksource kvm-clock
[    0.625226] AppArmor: AppArmor Filesystem Enabled
[    0.626401] pnp: PnP ACPI init
[    0.628111] pnp: PnP ACPI: found 3 devices
[    0.637752] clocksource: acpi_pm: mask: 0xffffff max_cycles: 0xffffff, max_idle_ns: 2085701024 ns
[    0.639823] NET: Registered protocol family 2
[    0.641200] TCP established hash table entries: 8192 (order: 4, 65536 bytes)
[    0.642600] TCP bind hash table entries: 8192 (order: 5, 131072 bytes)
[    0.643684] TCP: Hash tables configured (established 8192 bind 8192)
[    0.644769] UDP hash table entries: 512 (order: 2, 16384 bytes)
[    0.645799] UDP-Lite hash table entries: 512 (order: 2, 16384 bytes)
[    0.646941] NET: Registered protocol family 1
[    0.647781] pci 0000:00:00.0: Limiting direct PCI/PCI transfers
[    0.649057] pci 0000:00:01.0: Activating ISA DMA hang workarounds
[    0.651440] Unpacking initramfs...
[    0.867227] Freeing initrd memory: 14888K
[    0.868187] clocksource: tsc: mask: 0xffffffffffffffff max_cycles: 0x1e36a88731c, max_idle_ns: 440795269020 ns
[    0.870032] platform rtc_cmos: registered platform RTC device (no PNP device found)
[    0.871519] Scanning for low memory corruption every 60 seconds
[    0.872912] audit: initializing netlink subsys (disabled)
[    0.873972] audit: type=2000 audit(1716375768.330:1): initialized
[    0.875203] Initialise system trusted keyring
[    0.876277] HugeTLB registered 2 MB page size, pre-allocated 0 pages
[    0.878356] zbud: loaded
[    0.879361] VFS: Disk quotas dquot_6.6.0
[    0.880155] VFS: Dquot-cache hash table entries: 512 (order 0, 4096 bytes)
[    0.881439] squashfs: version 4.0 (2009/01/31) Phillip Lougher
[    0.884066] fuse init (API version 7.23)
[    0.885207] Key type big_key registered
[    0.886204] Allocating IMA MOK and blacklist keyrings.
[    0.888650] Key type asymmetric registered
[    0.890063] Asymmetric key parser 'x509' registered
[    0.891392] Block layer SCSI generic (bsg) driver version 0.4 loaded (major 249)
[    0.893524] io scheduler noop registered
[    0.894457] io scheduler deadline registered (default)
[    0.895616] io scheduler cfq registered
[    0.896512] pci_hotplug: PCI Hot Plug PCI Core version: 0.5
[    0.897463] pciehp: PCI Express Hot Plug Controller Driver version: 0.4
[    0.898699] ACPI: AC Adapter [AC] (on-line)
[    0.899505] input: Power Button as /devices/LNXSYSTM:00/LNXPWRBN:00/input/input0
[    0.900830] ACPI: Power Button [PWRF]
[    0.901640] input: Sleep Button as /devices/LNXSYSTM:00/LNXSLPBN:00/input/input1
[    0.903783] ACPI: Sleep Button [SLPF]
[    0.905032] GHES: HEST is not enabled!
[    0.905632] ACPI: Battery Slot [BAT0] (battery present)
[    0.907366] Serial: 8250/16550 driver, 32 ports, IRQ sharing enabled
[    0.929340] 00:02: ttyS0 at I/O 0x3f8 (irq = 4, base_baud = 115200) is a 16550A
[    0.932700] Linux agpgart interface v0.103
[    0.935240] loop: module loaded
[    0.936833] scsi host0: ata_piix
[    0.938152] scsi host1: ata_piix
[    0.939365] ata1: PATA max UDMA/33 cmd 0x1f0 ctl 0x3f6 bmdma 0xd000 irq 14
[    0.941034] ata2: PATA max UDMA/33 cmd 0x170 ctl 0x376 bmdma 0xd008 irq 15
[    0.943071] libphy: Fixed MDIO Bus: probed
[    0.944110] tun: Universal TUN/TAP device driver, 1.6
[    0.945067] tun: (C) 1999-2004 Max Krasnyansky <maxk@qualcomm.com>
[    0.946436] PPP generic driver version 2.4.2
[    0.947486] ehci_hcd: USB 2.0 'Enhanced' Host Controller (EHCI) Driver
[    0.948564] ehci-pci: EHCI PCI platform driver
[    0.949408] ehci-platform: EHCI generic platform driver
[    0.950417] ohci_hcd: USB 1.1 'Open' Host Controller (OHCI) Driver
[    0.951440] ohci-pci: OHCI PCI platform driver
[    0.952280] ohci-platform: OHCI generic platform driver
[    0.953174] uhci_hcd: USB Universal Host Controller Interface driver
[    0.954586] i8042: PNP: PS/2 Controller [PNP0303:PS2K,PNP0f03:PS2M] at 0x60,0x64 irq 1,12
[    0.956998] serio: i8042 KBD port at 0x60,0x64 irq 1
[    0.958232] serio: i8042 AUX port at 0x60,0x64 irq 12
[    0.959741] mousedev: PS/2 mouse device common for all mice
[    0.961779] input: AT Translated Set 2 keyboard as /devices/platform/i8042/serio0/input/input2
[    0.963659] rtc_cmos rtc_cmos: rtc core: registered rtc_cmos as rtc0
[    0.964804] rtc_cmos rtc_cmos: alarms up to one day, 114 bytes nvram
[    0.965898] i2c /dev entries driver
[    0.966688] device-mapper: uevent: version 1.0.3
[    0.967779] device-mapper: ioctl: 4.34.0-ioctl (2015-10-28) initialised: dm-devel@redhat.com
[    0.969387] ledtrig-cpu: registered to indicate activity on CPUs
[    0.970957] NET: Registered protocol family 10
[    0.972095] NET: Registered protocol family 17
[    0.973317] Key type dns_resolver registered
[    0.974828] registered taskstats version 1
[    0.975615] Loading compiled-in X.509 certificates
[    0.977312] Loaded X.509 cert 'Build time autogenerated kernel key: cf00e047681d67edb2720680708b7d9498083038'
[    0.979059] zswap: loaded using pool lzo/zbud
[    0.982537] Key type trusted registered
[    0.987252] Key type encrypted registered
[    0.988254] AppArmor: AppArmor sha1 policy hashing enabled
[    0.989454] ima: No TPM chip found, activating TPM-bypass!
[    0.990694] ima: Allocated hash algorithm: sha1
[    0.991548] evm: HMAC attrs: 0x1
[    0.992535]   Magic number: 8:773:24
[    0.993779] misc cpu_dma_latency: hash matches
[    0.995120] rtc_cmos rtc_cmos: setting system clock to 2024-05-22 11:02:43 UTC (1716375763)
[    0.997252] BIOS EDD facility v0.16 2004-Jun-25, 0 devices found
[    0.998755] EDD information not available.
[    1.123445] Freeing unused kernel memory: 1492K
[    1.124675] Write protecting the kernel read-only data: 14336k
[    1.126302] Freeing unused kernel memory: 1584K
[    1.127364] Freeing unused kernel memory: 52K
Loading, please wait...
starting version 229
[    1.144492] random: systemd-udevd: uninitialized urandom read (16 bytes read, 3 bits of entropy available)
[    1.145086] random: udevadm: uninitialized urandom read (16 bytes read, 3 bits of entropy available)
[    1.145121] random: udevadm: uninitialized urandom read (16 bytes read, 3 bits of entropy available)
[    1.150368] random: systemd-udevd: uninitialized urandom read (16 bytes read, 3 bits of entropy available)
[    1.152411] random: systemd-udevd: uninitialized urandom read (16 bytes read, 3 bits of entropy available)
[    1.154395] random: udevadm: uninitialized urandom read (16 bytes read, 3 bits of entropy available)
[    1.154457] random: udevadm: uninitialized urandom read (16 bytes read, 3 bits of entropy available)
[    1.154651] random: udevadm: uninitialized urandom read (16 bytes read, 3 bits of entropy available)
[    1.154719] random: udevadm: uninitialized urandom read (16 bytes read, 3 bits of entropy available)
[    1.154782] random: udevadm: uninitialized urandom read (16 bytes read, 3 bits of entropy available)
[    1.205048] Fusion MPT base driver 3.04.20
[    1.206158] Copyright (c) 1999-2008 LSI Corporation
[    1.207420] e1000: Intel(R) PRO/1000 Network Driver - version 7.3.21-k8-NAPI
[    1.208828] e1000: Copyright (c) 1999-2006 Intel Corporation.
[    1.214386] Fusion MPT SPI Host driver 3.04.20
[    1.255860] AVX2 version of gcm_enc/dec engaged.
[    1.257014] AES CTR mode by8 optimization enabled
[    1.437959] input: ImExPS/2 Generic Explorer Mouse as /devices/platform/i8042/serio1/input/input4
[    1.577138] e1000 0000:00:03.0 eth0: (PCI:33MHz:32-bit) 02:be:82:6b:cc:1d
[    1.578213] e1000 0000:00:03.0 eth0: Intel(R) PRO/1000 Network Connection
[    1.580083] mptbase: ioc0: Initiating bringup
[    1.581520] e1000 0000:00:03.0 enp0s3: renamed from eth0
[    1.649722] ioc0: LSI53C1030 A0: Capabilities={Initiator}
[    1.811328] scsi host2: ioc0: LSI53C1030 A0, FwRev=00000000h, Ports=1, MaxQ=256, IRQ=20
[    1.937999] scsi 2:0:0:0: Direct-Access     VBOX     HARDDISK         1.0  PQ: 0 ANSI: 5
[    1.940273] scsi target2:0:0: Beginning Domain Validation
[    1.942643] scsi target2:0:0: Domain Validation skipping write tests
[    1.944058] scsi target2:0:0: Ending Domain Validation
[    1.945292] scsi target2:0:0: asynchronous
[    1.946737] scsi 2:0:1:0: Direct-Access     VBOX     HARDDISK         1.0  PQ: 0 ANSI: 5
[    1.948394] scsi target2:0:1: Beginning Domain Validation
[    1.950266] scsi target2:0:1: Domain Validation skipping write tests
[    1.951261] scsi target2:0:1: Ending Domain Validation
[    1.952167] scsi target2:0:1: asynchronous
[    1.958651] sd 2:0:0:0: Attached scsi generic sg0 type 0
[    1.959771] sd 2:0:0:0: [sda] 83886080 512-byte logical blocks: (42.9 GB/40.0 GiB)
[    1.961438] sd 2:0:0:0: [sda] Write Protect is off
[    1.962098] sd 2:0:1:0: [sdb] 20480 512-byte logical blocks: (10.5 MB/10.0 MiB)
[    1.962273] sd 2:0:1:0: [sdb] Write Protect is off
[    1.962358] sd 2:0:1:0: [sdb] Incomplete mode parameter data
[    1.962359] sd 2:0:1:0: [sdb] Assuming drive cache: write through
[    1.966969] sd 2:0:0:0: [sda] Incomplete mode parameter data
[    1.968570] sd 2:0:0:0: [sda] Assuming drive cache: write through
[    1.969643] sd 2:0:1:0: [sdb] Attached SCSI disk
[    1.971086] sd 2:0:1:0: Attached scsi generic sg1 type 0
[    1.973580]  sda: sda1
[    1.975054] sd 2:0:0:0: [sda] Attached SCSI disk
Begin: Loading essential drivers ... [    3.314789] md: linear personality registered for level -1
[    3.317917] md: multipath personality registered for level -4
[    3.321156] md: raid0 personality registered for level 0
[    3.325390] md: raid1 personality registered for level 1
[    3.397512] raid6: sse2x1   gen()  7398 MB/s
[    3.465518] raid6: sse2x1   xor()  7036 MB/s
[    3.533781] raid6: sse2x2   gen() 13463 MB/s
[    3.601391] raid6: sse2x2   xor()  8735 MB/s
[    3.669876] raid6: sse2x4   gen() 15397 MB/s
[    3.737877] raid6: sse2x4   xor()  8467 MB/s
[    3.805882] raid6: avx2x1   gen() 16746 MB/s
[    3.873884] raid6: avx2x2   gen() 21433 MB/s
[    3.941909] raid6: avx2x4   gen() 21356 MB/s
[    3.943081] raid6: using algorithm avx2x2 gen() 21433 MB/s
[    3.944666] raid6: using avx2x2 recovery algorithm
[    3.947595] xor: automatically using best checksumming function:
[    3.985334]    avx       : 12025.000 MB/sec
[    3.987276] async_tx: api initialized (async)
[    3.996308] md: raid6 personality registered for level 6
[    3.997641] md: raid5 personality registered for level 5
[    3.998840] md: raid4 personality registered for level 4
[    4.006326] md: raid10 personality registered for level 10
done.
Begin: Running /scripts/init-premount ... done.
Begin: Mounting root file system ... Begin: Running /scripts/local-top ... done.
Begin: Running /scripts/local-premount ... [    4.039232] Btrfs loaded
Scanning for Btrfs filesystems
done.
Warning: fsck not present, so skipping root file system
[    4.081555] EXT4-fs (sda1): mounted filesystem with ordered data mode. Opts: (null)
done.
Begin: Running /scripts/local-bottom ... done.
Begin: Running /scripts/init-bottom ... done.
[    4.184657] systemd[1]: systemd 229 running in system mode. (+PAM +AUDIT +SELINUX +IMA +APPARMOR +SMACK +SYSVINIT +UTMP +LIBCRYPTSETUP +GCRYPT +GNUTLS +ACL +XZ -LZ4 +SECCOMP +BLKID +ELFUTILS +KMOD -IDN)
[    4.187953] systemd[1]: Detected virtualization oracle.
[    4.188967] systemd[1]: Detected architecture x86-64.

Welcome to [1mUbuntu 16.04.7 LTS[0m!

[    4.193292] systemd[1]: Set hostname to <ubuntu>.
[    4.196803] systemd[1]: Initializing machine ID from random generator.
[    4.198345] systemd[1]: Installed transient /etc/machine-id file.
[    4.325516] systemd[1]: Created slice System Slice.
[[0;32m  OK  [0m] Created slice System Slice.
[    4.327683] systemd[1]: Listening on udev Kernel Socket.
[[0;32m  OK  [0m] Listening on udev Kernel Socket.
[    4.329784] systemd[1]: Listening on Journal Socket.
[[0;32m  OK  [0m] Listening on Journal Socket.
[    4.341754] systemd[1]: Starting Uncomplicated firewall...
         Starting Uncomplicated firewall...
[    4.345490] systemd[1]: Starting Nameserver information manager...
         Starting Nameserver information manager...
[    4.349246] systemd[1]: Mounting Huge Pages File System...
         Mounting Huge Pages File System...
[    4.351401] systemd[1]: Reached target System Time Synchronized.
[[0;32m  OK  [0m] Reached target System Time Synchronized.
[    4.354133] systemd[1]: Listening on Journal Socket (/dev/log).
[[0;32m  OK  [0m] Listening on Journal Socket (/dev/log).
[    4.356489] systemd[1]: Listening on LVM2 metadata daemon socket.
[[0;32m  OK  [0m] Listening on LVM2 metadata daemon socket.
[    4.358698] systemd[1]: Started Forward Password Requests to Wall Directory Watch.
[[0;32m  OK  [0m] Started Forward Password Requests to Wall Directory Watch.
[    4.362849] systemd[1]: Starting Load Kernel Modules...
         Starting Load Kernel Modules...
[    4.364789] systemd[1]: Listening on /dev/initctl Compatibility Named Pipe.
[[0;32m  OK  [0m] Listening on /dev/initctl Compatibility Named Pipe.
[    4.368316] systemd[1]: Starting Create list of required static device nodes for the current kernel...
         Starting Create list of required st... nodes for the current kernel...
[    4.372191] systemd[1]: Listening on Syslog Socket.
[[0;32m  OK  [0m] Listening on Syslog Socket.
[    4.374768] systemd[1]: Reached target User and Group Name Lookups.
[[0;32m  OK  [0m] Reached target U[    4.376914] Loading iSCSI transport class v2.0-870.
ser and Group Name Lookups.
[    4.379012] systemd[1]: Listening on LVM2 poll daemon socket.
[[0;32m  OK  [0m] Listening on LVM2 poll daemon socket.
[    4.381696] systemd[1]: Listening on Journal Audit Socket.
[[0;32m  OK  [0m] Listening on Journal Audit Socket.
[    4.384910] systemd[1]: Starting Journal Service...
[    4.386311] iscsi: registered transport (tcp)
         Starting Journal Service...
[    4.389689] systemd[1]: Set up automount Arbitrary Executable File Formats File System Automount Point.
[[0;32m  OK  [0m] Set up automount Arbitrary Executab...ats File System Automount Point.
[    4.395342] systemd[1]: Mounting POSIX Message Queue File System...
         Mounting POSIX Message Queue File System...
[    4.399610] systemd[1]: Listening on udev Control Socket.
[[0;32m  OK  [0m] Listening on udev Control Socket.
[    4.403805] systemd[1]: Created slice User and Session Slice.
[[0;32m  OK  [0m] Created slice User and Session Slice.
[    4.407559] systemd[1]: Reached target Slices.
[[0;32m  OK  [0m] Reached target Slices.
[    4.413897] systemd[1]: Started Trigger resolvconf update for networkd DNS.
[[0;32m  OK  [0m] Started Trigger resolvconf update for networkd DNS.
[    4.416922] systemd[1]: Created slice system-serial\x2dgetty.slice.
[[0;32m  OK  [0m] Created slice system-serial\x2dgetty.slice.
[    4.419328] iscsi: registered transport (iser)
[    4.429890] systemd[1]: Mounting Debug File System...
         Mounting Debug File System...
[    4.432744] systemd[1]: Reached target Encrypted Volumes.
[[0;32m  OK  [0m] Reached target Encrypted Volumes.
[    4.434818] systemd[1]: Reached target Swap.
[[0;32m  OK  [0m] Reached target Swap.
[    4.436999] systemd[1]: Listening on Device-mapper event daemon FIFOs.
[[0;32m  OK  [0m] Listening on Device-mapper event daemon FIFOs.
[    4.440150] systemd[1]: Starting Monitoring of LVM2 mirrors, snapshots etc. using dmeventd or progress polling...
         Starting Monitoring of LVM2 mirrors... dmeventd or progress polling...
[    4.444489] systemd[1]: Starting Set console keymap...
         Starting Set console keymap...
[    4.446892] systemd[1]: Listening on fsck to fsckd communication Socket.
[[0;32m  OK  [0m] Listening on fsck to fsckd communication Socket.
[    4.450255] systemd[1]: Starting File System Check on Root Device...
         Starting File System Check on Root Device...
[    4.457064] systemd[1]: Mounted Huge Pages File System.
[[0;32m  OK  [0m] Mounted Huge Pages File System.
[    4.459092] systemd[1]: Mounted POSIX Message Queue File System.
[[0;32m  OK  [0m] Mounted POSIX Message Queue File System.
[    4.462993] systemd[1]: Mounted Debug File System.
[[0;32m  OK  [0m] Mounted Debug File System.
[    4.466446] systemd[1]: Started Journal Service.
[[0;32m  OK  [0m] Started Journal Service.
[[0;32m  OK  [0m] Started Uncomplicated firewall.
[[0;32m  OK  [0m] Started Load Kernel Modules.
[[0;32m  OK  [0m] Started Create list of required sta...ce nodes for the current kernel.
[[0;32m  OK  [0m] Started File System Check Daemon to report status.
         Starting Create Static Device Nodes in /dev...
         Starting Apply Kernel Variables...
         Mounting FUSE Control File System...
[[0;32m  OK  [0m] Started Nameserver information manager.
[[0;32m  OK  [0m] Started LVM2 metadata daemon.
[[0;32m  OK  [0m] Mounted FUSE Control File System.
[[0;32m  OK  [0m] Started Set console keymap.
[[0;32m  OK  [0m] Started File System Check on Root Device.
         Starting Remount Root and Kernel File Systems...
[[0;32m  OK  [0m] Started Apply Kernel Variables.
[[0;32m  OK  [0m] Started Remount Root and Kernel File Systems.
         Starting Load/Save Random Seed...
         Starting Flush Journal to Persistent Storage...
         Starting udev Coldplug all Devices...
[[0;32m  OK  [0m] Started Create Static Device Nodes in /dev.
         Starting udev Kernel Device Manager...
[[0;32m  OK  [0m] Started Load/Save Random Seed.
[[0;32m  OK  [0m] Started Flush Journal to Persistent Storage.
[[0;32m  OK  [0m] Started udev Kernel Device Manager.
[[0;32m  OK  [0m] Started udev Coldplug all Devices.
[[0;32m  OK  [0m] Started Dispatch Password Requests to Console Directory Watch.
[[0;32m  OK  [0m] Found device /dev/ttyS0.
[[0;32m  OK  [0m] Listening on Load/Save RF Kill Switch Status /dev/rfkill Watch.
[[0;32m  OK  [0m] Started Monitoring of LVM2 mirrors,...ng dmeventd or progress polling.
[[0;32m  OK  [0m] Reached target Local File Systems (Pre).
[[0;32m  OK  [0m] Reached target Local File Systems.
         Starting Tell Plymouth To Write Out Runtime Data...
         Starting Commit a transient machine-id on disk...
         Starting Create Volatile Files and Directories...
         Starting Set console font and keymap...
         Starting LSB: AppArmor initialization...
         Starting Initial cloud-init job (pre-networking)...
[[0;32m  OK  [0m] Started Tell Plymouth To Write Out Runtime Data.
[[0;32m  OK  [0m] Started Commit a transient machine-id on disk.
[[0;32m  OK  [0m] Started Create Volatile Files and Directories.
         Starting Update UTMP about System Boot/Shutdown...
[[0;32m  OK  [0m] Started Update UTMP about System Boot/Shutdown.
[[0;32m  OK  [0m] Started Set console font and keymap.
[[0;32m  OK  [0m] Created slice system-getty.slice.
[    6.123812] cloud-init[651]: Cloud-init v. 21.1-19-gbad84ad4-0ubuntu1~16.04.2 running 'init-local' at Wed, 22 May 2024 11:02:48 +0000. Up 5.77 seconds.
[[0;32m  OK  [0m] Started LSB: AppArmor initialization.
         Starting Load AppArmor profiles managed internally by snapd...
[[0;32m  OK  [0m] Started Initial cloud-init job (pre-networking).
[[0;32m  OK  [0m] Reached target Network (Pre).
         Starting Raise network interfaces...
[[0;32m  OK  [0m] Started Load AppArmor profiles managed internally by snapd.
[[0;32m  OK  [0m] Started Raise network interfaces.
         Starting Initial cloud-init job (metadata service crawler)...
[[0;32m  OK  [0m] Reached target Network.
[    7.250202] cloud-init[959]: Cloud-init v. 21.1-19-gbad84ad4-0ubuntu1~16.04.2 running 'init' at Wed, 22 May 2024 11:02:49 +0000. Up 6.69 seconds.
[    7.256767] cloud-init[959]: ci-info: ++++++++++++++++++++++++++++++++++++++Net device info++++++++++++++++++++++++++++++++++++++
[    7.259070] cloud-init[959]: ci-info: +--------+------+----------------------------+---------------+--------+-------------------+
[    7.261519] cloud-init[959]: ci-info: | Device |  Up  |          Address           |      Mask     | Scope  |     Hw-Address    |
[    7.263965] cloud-init[959]: ci-info: +--------+------+----------------------------+---------------+--------+-------------------+
[    7.266455] cloud-init[959]: ci-info: | enp0s3 | True |         10.0.2.15          | 255.255.255.0 | global | 02:be:82:6b:cc:1d |
[    7.268336] cloud-init[959]: ci-info: | enp0s3 | True | fe80::be:82ff:fe6b:cc1d/64 |       .       |  link  | 02:be:82:6b:cc:1d |
[    7.270513] cloud-init[959]: ci-info: |   lo   | True |         127.0.0.1          |   255.0.0.0   |  host  |         .         |
[    7.272464] cloud-init[959]: ci-info: |   lo   | True |          ::1/128           |       .       |  host  |         .         |
[    7.274667] cloud-init[959]: ci-info: +--------+------+----------------------------+---------------+--------+-------------------+
[    7.276683] cloud-init[959]: ci-info: +++++++++++++++++++++++++++Route IPv4 info++++++++++++++++++++++++++++
[    7.278427] cloud-init[959]: ci-info: +-------+-------------+----------+---------------+-----------+-------+
[    7.280234] cloud-init[959]: ci-info: | Route | Destination | Gateway  |    Genmask    | Interface | Flags |
[    7.282228] cloud-init[959]: ci-info: +-------+-------------+----------+---------------+-----------+-------+
[    7.288610] cloud-init[959]: ci-info: |   0   |   0.0.0.0   | 10.0.2.2 |    0.0.0.0    |   enp0s3  |   UG  |
[    7.290535] cloud-init[959]: ci-info: |   1   |   10.0.2.0  | 0.0.0.0  | 255.255.255.0 |   enp0s3  |   U   |
[    7.292528] cloud-init[959]: ci-info: +-------+-------------+----------+---------------+-----------+-------+
[    7.294402] cloud-init[959]: ci-info: +++++++++++++++++++Route IPv6 info+++++++++++++++++++
[    7.296024] cloud-init[959]: ci-info: +-------+-------------+---------+-----------+-------+
[    7.297522] cloud-init[959]: ci-info: | Route | Destination | Gateway | Interface | Flags |
[    7.299035] cloud-init[959]: ci-info: +-------+-------------+---------+-----------+-------+
[    7.300636] cloud-init[959]: ci-info: |   0   |  fe80::/64  |    ::   |   enp0s3  |   U   |
[    7.302199] cloud-init[959]: ci-info: |   3   |   ff00::/8  |    ::   |   enp0s3  |   U   |
[    7.303718] cloud-init[959]: ci-info: +-------+-------------+---------+-----------+-------+
[    7.305298] cloud-init[959]: Generating public/private rsa key pair.
[    7.306649] cloud-init[959]: Your identification has been saved in /etc/ssh/ssh_host_rsa_key.
[    7.308373] cloud-init[959]: Your public key has been saved in /etc/ssh/ssh_host_rsa_key.pub.
[    7.309919] cloud-init[959]: The key fingerprint is:
[    7.310949] cloud-init[959]: SHA256:WvcSVFhdPw25/EnVH8QGVyyAZuImFBJw3MBq0dZdIPY root@ubuntu-xenial
[    7.312583] cloud-init[959]: The key's randomart image is:
[    7.313772] cloud-init[959]: +---[RSA 2048]----+
[    7.314929] cloud-init[959]: |  .===+o.o.+++=*=|
[    7.316048] cloud-init[959]: |  ..=o+oo =.  ==*|
[    7.317382] cloud-init[959]: |   + . .E+.  ..+*|
[    7.318727] cloud-init[959]: |  o   . o.    o.o|
[    7.324642] cloud-init[959]: | .     oS o   ...|
[    7.325614] cloud-init[959]: |       o . o   ..|
[    7.326536] cloud-init[959]: |      .   . .    |
[    7.327610] cloud-init[959]: |           .     |
[    7.332945] cloud-init[959]: |                 |
[    7.333955] cloud-init[959]: +----[SHA256]-----+
[    7.334920] cloud-init[959]: Generating public/private dsa key pair.
[    7.336399] cloud-init[959]: Your identification has been saved in /etc/ssh/ssh_host_dsa_key.
[    7.337867] cloud-init[959]: Your public key has been saved in /etc/ssh/ssh_host_dsa_key.pub.
[    7.339368] cloud-init[959]: The key fingerprint is:
[    7.340394] cloud-init[959]: SHA256:zCpTCHWSLuZ20sf0her3MjTNeyX1GnzP9ckDLL5LVAc root@ubuntu-xenial
[    7.341998] cloud-init[959]: The key's randomart image is:
[    7.343065] cloud-init[959]: +---[DSA 1024]----+
[    7.344039] cloud-init[959]: |    o..      E   |
[    7.345183] cloud-init[959]: |   ..o        .  |
[    7.346270] cloud-init[959]: |  ..     .   . . |
[    7.347434] cloud-init[959]: |  o....o. . . o  |
[    7.348465] cloud-init[959]: | o o.o.oS+ ..o . |
[    7.349542] cloud-init[959]: |  + o.+.+ +..o+ +|
[    7.356783] cloud-init[959]: | . ooo.. ..o.oo==|
[[0;32m  OK  [0m] Started Initial cloud-init job (metadata service crawler).
[    7.365167] cloud-init[[0;32m  OK  [0m] Reached target Cloud-config availability.
[[0;32m  OK  [0m] Reached target System Initialization.
[[0;32m  OK  [0m] Started Daily Cleanup of Temporary Directories.
         Starting Socket activation for snappy daemon.
[[0;32m  OK  [0m] Listening on UUID daemon activation socket.
[[0;32m  OK  [0m] Listening on D-Bus System Message Bus Socket.
[[0;32m  OK  [0m] Listening on ACPID Listen Socket.
[[0;32m  OK  [0m] Started Message of the Day.
[[0;32m  OK  [0m] Started Ubuntu Advantage update messaging.
[959]: |     o. + o.. .++|         Starting LXD - unix socket.

[    7.373560] cloud-init[[0;32m  OK  [0m] Started ACPI Events Check.
[[0;32m  OK  [0m] Reached target Paths.
[[0;32m  OK  [0m] Started Daily apt download activities.
[[0;32m  OK  [0m] Started Daily apt upgrade and clean activities.
[[0;32m  OK  [0m] Reached target Timers.
[[0;32m  OK  [0m] Reached target Network is Online.
[959]: |       . +.+o   .|
[    7.378161] cloud-init[959]: +----[SHA256]-----+
[    7.379118] cloud-init[959]: Generating public/private ecdsa key pair.
[    7.380403] cloud-init[959]: Your identification has been saved in /etc/ssh/ssh_host_ecdsa_key.
[    7.382349] cloud-init[959]: Your public key has been saved in /etc/ssh/ssh_host_ecdsa_key.pub.
[    7.383876] cloud-init[959]: The key fingerprint is:
[    7.384962] cloud-init[959]: SHA256:5qxxMqoLnKxRJG2fK9h8gixkNdpyBaUpmiqwjzMw4ak root@ubuntu-xenial
[    7.386534] cloud-init[959]: The key's randomart image is:
[    7.387603] cloud-init[959]: +---[ECDSA 256]---+
[    7.388567] cloud-init[959]: |   ...           |
[    7.389534] cloud-init[959]: | .  +            |
[    7.390502] cloud-init[959]: |..+= .           |
[    7.391509] cloud-init[959]: |o==.o.           |
[    7.392543] cloud-init[959]: |=*ooo   S        |
[    7.393547] cloud-init[959]: |@X+  . +         |
[    7.394586] cloud-init[959]: |%*= o + +        |
[    7.395747] cloud-init         Starting iSCSI initiator daemon (iscsid)...
[[0;32m  OK  [0m] Listening on Socket activation for snappy daemon.
[[0;32m  OK  [0m] Listening on LXD - unix socket.
[959]: [[0;32m  OK  [0m] Reached target Sockets.
[[0;32m  OK  [0m] Reached target Basic System.
|E= + . *         |
[    7.400589] [[0;32m  OK  [0m] Started Deferred execution scheduler.
cloud-init[959]: |oo+o. .          |[[0;32m  OK  [0m] Started FUSE filesystem for LXC.

[    7.402969]          Starting Login Service...
cloud-init[959]: +----[SHA256]-----+
[[    7.404443] cloud-init[959]: Generating public/private ed25519 key pair.[0;32m  OK  [0m] Started D-Bus System Message Bus.

[    7.420472] cloud-init[959]: Your identification has been saved in /etc/ssh/ssh_host_ed25519_key.
[    7.422345] cloud-init[959]: Your public key has been saved in /etc/ssh/ssh_host_ed25519_key.pub.
[    7.424844] cloud-init[959]: The key fingerprint is:
[    7.426254] cloud-init[959]: SHA256:2zYvSx/MmAYDJiGnXx2Wn6IKR1az3XzOu7Y74BGn4aI root@ubuntu-xenial
[    7.427961] cloud-init[959]: The key's randomart image is:
[    7.429166] cloud-init[959]: +--[ED25519 256]--+
[    7.430478] cloud-init[959]: |  . o   o.       |
[    7.431974] cloud-init[959]: |   + .oo..       |
[    7.433442] cloud-init[959]: |  . ..++.+ .     |
[    7.434698] cloud-init[959]: |   .o+..o B o    |
[    7.435905] cloud-init[959]: |   o.  .So O     |
[    7.437317] cloud-init[959]: |  . . . .===o    |
[    7.438507] cloud-init[959]: |   o . ..oOo+.   |
[    7.439447] cloud-init[959]: |    . E  +o++.   |
         Starting LXD - container startup/shutdown...
         Starting /etc/rc.local Compatibility...
         Starting LSB: Record successful boot for GRUB...
         Starting Virtualbox guest utils...
[    7.449685] cloud-init[959]: |          .+*=   |
         Starting System Logging Service...
         Starting LSB: MD monitoring daemon...
[    7.459202] cloud-init[959]: +----[SHA256]-----+
[[0;32m  OK  [0m] Started Regular background program processing daemon.
         Starting Snap Daemon...
         Starting Pollinate to seed the pseudo random number generator...
         Starting Accounts Service...
[[0;32m  OK  [0m] Started ACPI event daemon.
[[0;32m  OK  [0m] Started /etc/rc.local Compatibility.
[[0;32m  OK  [0m] Started iSCSI initiator daemon (iscsid).
         Starting Login to default iSCSI targets...
[[0;32m  OK  [0m] Started Login Service.
[[0;32m  OK  [0m] Started Unattended Upgrades Shutdown.
[[0;32m  OK  [0m] Started System Logging Service.
[[0;32m  OK  [0m] Started LSB: Record successful boot for GRUB.
[[0;32m  OK  [0m] Started Login to default iSCSI targets.
[[0;32m  OK  [0m] Reached target Remote File Systems (Pre).
[[0;32m  OK  [0m] Reached target Remote File Systems.
         Starting LSB: daemon to balance interrupts for SMP systems...
         Starting LSB: Set the CPU Frequency Scaling governor to "ondemand"...
         Starting Permit User Sessions...
         Starting LSB: automatic crash report generation...
[[0;32m  OK  [0m] Started LSB: MD monitoring daemon.
[[0;32m  OK  [0m] Started Permit User Sessions.
         Starting Hold until boot process finishes up...
         Starting Terminate Plymouth Boot Screen...
[[0;32m  OK  [0m] Started Hold until boot process finishes up.
[[0;32m  OK  [0m] Started Terminate Plymouth Boot Screen.
[[0;32m  OK  [0m] Started Serial Getty on ttyS0.
         Starting Set console scheme...
[[0;32m  OK  [0m] Started Getty on tty1.
[[0;32m  OK  [0m] Reached target Login Prompts.
[[0;32m  OK  [0m] Started LSB: Set the CPU Frequency Scaling governor to "ondemand".
[[0;32m  OK  [0m] Started Set console scheme.
[[0;32m  OK  [0m] Started LSB: daemon to balance interrupts for SMP systems.
         Starting Authenticate and Authorize Users to Run Privileged Tasks...
[[0;32m  OK  [0m] Started LSB: automatic crash report generation.
[[0;32m  OK  [0m] Started LXD - container startup/shutdown.
[[0;32m  OK  [0m] Started Virtualbox guest utils.
[[0;32m  OK  [0m] Started Authenticate and Authorize Users to Run Privileged Tasks.
[[0;32m  OK  [0m] Started Accounts Service.
[[0;32m  OK  [0m] Started Snap Daemon.
         Starting Wait until snapd is fully seeded...
[[0;32m  OK  [0m] Started Pollinate to seed the pseudo random number generator.
         Starting OpenBSD Secure Shell server...
[[0;32m  OK  [0m] Started OpenBSD Secure Shell server.
[[0;32m  OK  [0m] Started Wait until snapd is fully seeded.
         Starting Apply the settings specified in cloud-config...
[[0;32m  OK  [0m] Reached target Multi-User System.
[[0;32m  OK  [0m] Reached target Graphical Interface.
         Starting Update UTMP about System Runlevel Changes...
[[0;32m  OK  [0m] Started Update UTMP about System Runlevel Changes.
[    9.353533] cloud-init[1310]: Generating locales (this might take a while)...
[   10.026271] cloud-init[1310]:   en_US.UTF-8... done
[   10.027418] cloud-init[1310]: Generation complete.
[   10.351691] cloud-init[1310]: Cloud-init v. 21.1-19-gbad84ad4-0ubuntu1~16.04.2 running 'modules:config' at Wed, 22 May 2024 11:02:51 +0000. Up 9.23 seconds.
[[0;32m  OK  [0m] Started Apply the settings specified in cloud-config.
         Starting Execute cloud user/final scripts...
ci-info: no authorized SSH keys fingerprints found for user ubuntu.
<14>May 22 11:02:53 ec2: 
<14>May 22 11:02:53 ec2: #############################################################
<14>May 22 11:02:53 ec2: -----BEGIN SSH HOST KEY FINGERPRINTS-----
<14>May 22 11:02:53 ec2: 1024 SHA256:zCpTCHWSLuZ20sf0her3MjTNeyX1GnzP9ckDLL5LVAc root@ubuntu-xenial (DSA)
<14>May 22 11:02:53 ec2: 256 SHA256:5qxxMqoLnKxRJG2fK9h8gixkNdpyBaUpmiqwjzMw4ak root@ubuntu-xenial (ECDSA)
<14>May 22 11:02:53 ec2: 256 SHA256:2zYvSx/MmAYDJiGnXx2Wn6IKR1az3XzOu7Y74BGn4aI root@ubuntu-xenial (ED25519)
<14>May 22 11:02:53 ec2: 2048 SHA256:WvcSVFhdPw25/EnVH8QGVyyAZuImFBJw3MBq0dZdIPY root@ubuntu-xenial (RSA)
<14>May 22 11:02:53 ec2: -----END SSH HOST KEY FINGERPRINTS-----
<14>May 22 11:02:53 ec2: #############################################################
-----BEGIN SSH HOST KEY KEYS-----
ecdsa-sha2-nistp256 AAAAE2VjZHNhLXNoYTItbmlzdHAyNTYAAAAIbmlzdHAyNTYAAABBBG0avvW6LgEMuU3ilTZfqVOBX1vlRgertdecSRxAsXXDnexaszTbjMF9tayG+0vw7DCKljobUIIe5xkBbUeJ3Qg= root@ubuntu-xenial
ssh-ed25519 AAAAC3NzaC1lZDI1NTE5AAAAIKid5XeEWdEFpOHUK9/UdxYZS/aRSvafnzst3Rd8jJmw root@ubuntu-xenial
ssh-rsa AAAAB3NzaC1yc2EAAAADAQABAAABAQDZKZ6mTmOg5pNM4y3IUAEMKIsvKYSW5uhYT0KbLvnn/SJNQmPEOA1LP/AZ5RPIewerhLBlZvTUOU8URW9g5PWXF1JTU4p8b3wnOHsSdFbKse9ex1XrVDZ2KPJuc3pfEWE/NrN31hcg+5R5Nuh3cRgJt+i0sKUWga76j5SJ3pF+bUb7yePZJSATXrytGmHO1QKtdAsAtx0/Ye1xt7ETYJQFSqSaaBdUgw/1v4F/hrWP1cxw3bKHWTkb11VJv/bFMQv3+yUUkPGKwx4dvvMLselV87KBUS2wQeEPOp8yHSf58auQocVoApGXY2OtyWRBIYJNGkzZOfdWYvUnvaAWffYZ root@ubuntu-xenial
-----END SSH HOST KEY KEYS-----
[   10.873369] cloud-init[1354]: Cloud-init v. 21.1-19-gbad84ad4-0ubuntu1~16.04.2 running 'modules:final' at Wed, 22 May 2024 11:02:53 +0000. Up 10.70 seconds.
[   10.875787] cloud-init[1354]: ci-info: no authorized SSH keys fingerprints found for user ubuntu.
[   10.877583] cloud-init[1354]: Cloud-init v. 21.1-19-gbad84ad4-0ubuntu1~16.04.2 finished at Wed, 22 May 2024 11:02:53 +0000. Datasource DataSourceNoCloud [seed=/dev/sdb][dsmode=net].  Up 10.86 seconds
[[0;32m  OK  [0m] Started Execute cloud user/final scripts.
[[0;32m  OK  [0m] Reached target Cloud-init target.

Ubuntu 16.04.7 LTS ubuntu-xenial ttyS0

ubuntu-xenial login: 